
> tenant-landlord@0.1.0 build
> next build Check build_output.txt for errors.

node.exe : Invalid project directory 
provided, no such directory: C:\Users\Shaikh 
Nadeem\OneDrive\Desktop\tenant-landlord\Check
At line:1 char:1
+ & "C:\Program Files\nodejs/node.exe" 
"C:\Program Files\nodejs/node_mo ...
+ ~~~~~~~~~~~~~~~~~~~~~~~~~~~~~~~~~~~~~~~~~~~
~~~~~~~~~~~~~~~~~~~~~~~~~~
    + CategoryInfo          : NotSpecified:  
   (Invalid project...-landlord\Check:Strin  
  g) [], RemoteException
    + FullyQualifiedErrorId : NativeCommandE 
   rror
 
