
> propaccura@0.1.0 build
> next build

Γû▓ Next.js 16.1.1 (Turbopack)
- Environments: .env.local

node.exe : ΓÜá The "middleware" file 
convention is deprecated. Please use 
"proxy" instead. Learn more: https://nextjs
.org/docs/messages/middleware-to-proxy
At line:1 char:1
+ & "C:\Program Files\nodejs/node.exe" 
"C:\Program Files\nodejs/node_mo ...
+ ~~~~~~~~~~~~~~~~~~~~~~~~~~~~~~~~~~~~~~~~~
~~~~~~~~~~~~~~~~~~~~~~~~~~~~
    + CategoryInfo          : NotSpecified 
   : (ΓÜá The "middle...leware-to-proxy:S  
  tring) [], RemoteException
    + FullyQualifiedErrorId : NativeComman 
   dError
 
  Creating an optimized production build ...
Γ£ô Compiled successfully in 5.0s
  Running TypeScript ...
Failed to compile.

./scripts/test-export-debug.ts:35:16
Type error: Property 
'findRequestByTenantId' does not exist on 
type 'DBAdapter'. Did you mean 
'findRequestById'?

[0m [90m 33 |[39m             db[33m.[
39mfindUserById(userId)[33m,[39m
 [90m 34 |[39m             db[33m.[39mg
etTenantStay(userId)[33m,[39m
[31m[1m>[22m[39m[90m 35 |[39m        
     db[33m.[39mfindRequestByTenantId(use
rId)[33m,[39m
 [90m    |[39m                
[31m[1m^[22m[39m
 [90m 36 |[39m             db[33m.[39mg
etTenantHistory(userId)[33m,[39m
 [90m 37 |[39m             db[33m.[39mg
etBillsByTenant(userId)[33m,[39m
 [90m 38 |[39m             db[33m.[39mg
etAllMessagesForUser(userId)[33m,[39m[0m
Next.js build worker exited with code: 1 
and signal: null
