.next/dev/types/validator.ts(477,31): error TS2344: Type 'typeof import("C:/Users/Shaikh Nadeem/OneDrive/Desktop/tenant-landlord/src/app/api/admin/support/tickets/[id]/route")' does not satisfy the constraint 'RouteHandlerConfig<"/api/admin/support/tickets/[id]">'.
  Types of property 'GET' are incompatible.
    Type '(req: NextRequest, { params }: { params: { id: string; }; }) => Promise<NextResponse<{ error: string; }> | NextResponse<{ landlordName: string; id: string; landlordId: string; subject: string; ... 7 more ...; updatedAt: string; }>>' is not assignable to type '(request: NextRequest, context: { params: Promise<{ id: string; }>; }) => void | Response | Promise<void | Response>'.
      Types of parameters '__1' and 'context' are incompatible.
        Type '{ params: Promise<{ id: string; }>; }' is not assignable to type '{ params: { id: string; }; }'.
          Types of property 'params' are incompatible.
            Property 'id' is missing in type 'Promise<{ id: string; }>' but required in type '{ id: string; }'.
.next/dev/types/validator.ts(819,31): error TS2344: Type 'typeof import("C:/Users/Shaikh Nadeem/OneDrive/Desktop/tenant-landlord/src/app/api/support/tickets/[id]/route")' does not satisfy the constraint 'RouteHandlerConfig<"/api/support/tickets/[id]">'.
  Types of property 'GET' are incompatible.
    Type '(req: NextRequest, { params }: { params: { id: string; }; }) => Promise<NextResponse<SupportTicket> | NextResponse<{ error: string; }>>' is not assignable to type '(request: NextRequest, context: { params: Promise<{ id: string; }>; }) => void | Response | Promise<void | Response>'.
      Types of parameters '__1' and 'context' are incompatible.
        Type '{ params: Promise<{ id: string; }>; }' is not assignable to type '{ params: { id: string; }; }'.
          Types of property 'params' are incompatible.
            Property 'id' is missing in type 'Promise<{ id: string; }>' but required in type '{ id: string; }'.
.next/types/validator.ts(477,31): error TS2344: Type 'typeof import("C:/Users/Shaikh Nadeem/OneDrive/Desktop/tenant-landlord/src/app/api/admin/support/tickets/[id]/route")' does not satisfy the constraint 'RouteHandlerConfig<"/api/admin/support/tickets/[id]">'.
  Types of property 'GET' are incompatible.
    Type '(req: NextRequest, { params }: { params: { id: string; }; }) => Promise<NextResponse<{ error: string; }> | NextResponse<{ landlordName: string; id: string; landlordId: string; subject: string; ... 7 more ...; updatedAt: string; }>>' is not assignable to type '(request: NextRequest, context: { params: Promise<{ id: string; }>; }) => void | Response | Promise<void | Response>'.
      Types of parameters '__1' and 'context' are incompatible.
        Type '{ params: Promise<{ id: string; }>; }' is not assignable to type '{ params: { id: string; }; }'.
          Types of property 'params' are incompatible.
            Property 'id' is missing in type 'Promise<{ id: string; }>' but required in type '{ id: string; }'.
.next/types/validator.ts(819,31): error TS2344: Type 'typeof import("C:/Users/Shaikh Nadeem/OneDrive/Desktop/tenant-landlord/src/app/api/support/tickets/[id]/route")' does not satisfy the constraint 'RouteHandlerConfig<"/api/support/tickets/[id]">'.
  Types of property 'GET' are incompatible.
    Type '(req: NextRequest, { params }: { params: { id: string; }; }) => Promise<NextResponse<SupportTicket> | NextResponse<{ error: string; }>>' is not assignable to type '(request: NextRequest, context: { params: Promise<{ id: string; }>; }) => void | Response | Promise<void | Response>'.
      Types of parameters '__1' and 'context' are incompatible.
        Type '{ params: Promise<{ id: string; }>; }' is not assignable to type '{ params: { id: string; }; }'.
          Types of property 'params' are incompatible.
            Property 'id' is missing in type 'Promise<{ id: string; }>' but required in type '{ id: string; }'.
scripts/test-export-debug.ts(40,16): error TS2339: Property 'getReviews' does not exist on type 'DBAdapter'.
scripts/test-export-debug.ts(63,31): error TS7006: Parameter 'd' implicitly has an 'any' type.
scripts/test-export-debug.ts(63,34): error TS7006: Parameter 'i' implicitly has an 'any' type.
src/app/api/announcements/route.ts(19,40): error TS2339: Property 'getAnnouncements' does not exist on type 'DBAdapter'.
src/app/api/announcements/route.ts(48,42): error TS2339: Property 'addAnnouncement' does not exist on type 'DBAdapter'.
src/app/api/landlord/bills/route.ts(103,34): error TS2339: Property 'deleteBill' does not exist on type 'DBAdapter'.
src/app/api/maintenance/[id]/route.ts(26,35): error TS2551: Property 'getMaintenanceRequestById' does not exist on type 'DBAdapter'. Did you mean 'getMaintenanceRequestsByLandlord'?
src/app/api/maintenance/[id]/route.ts(59,38): error TS2551: Property 'getMaintenanceRequestById' does not exist on type 'DBAdapter'. Did you mean 'getMaintenanceRequestsByLandlord'?
src/app/api/reviews/route.ts(10,34): error TS2339: Property 'getReviews' does not exist on type 'DBAdapter'.
src/app/api/reviews/route.ts(16,33): error TS2339: Property 'getAllReviews' does not exist on type 'DBAdapter'.
src/app/api/reviews/route.ts(25,37): error TS2339: Property 'getAllReviews' does not exist on type 'DBAdapter'.
src/app/api/tenant/export/route.ts(54,16): error TS2339: Property 'getReviews' does not exist on type 'DBAdapter'.
src/app/api/tenant/export/route.ts(158,31): error TS7006: Parameter 'd' implicitly has an 'any' type.
src/app/api/tenant/export/route.ts(182,48): error TS7006: Parameter 'p' implicitly has an 'any' type.
src/app/landlord/settings/account/page.tsx(15,24): error TS2339: Property 'address' does not exist on type 'User'.
src/models/User.ts(12,5): error TS2353: Object literal may only specify known properties, and 'address' does not exist in type '{ id?: SchemaDefinitionProperty<string, User, Document<unknown, {}, User, {}, ResolveSchemaOptions<DefaultSchemaOptions>> & User & { ...; } & { ...; }> | undefined; ... 20 more ...; tenantProfile?: SchemaDefinitionProperty<...> | undefined; }'.
